// Vitest Snapshot v1, https://vitest.dev/guide/snapshot.html

exports[`AppImage > should render an HTML image forwarding all attributes but with the base path prepended to the \`src\` if it's an absolute URL 1`] = `
<div>
  <img
    alt="Some alternative text"
    class="foo bar"
    height="600"
    src="/some-base-path/images/some-image.jpg"
    width="800"
  />
</div>
`;
