// Vitest Snapshot v1, https://vitest.dev/guide/snapshot.html

exports[`Block Details > renders the Block Details component 1`] = `
<div>
  <div
    class="dusk-card data-card block-details"
  >
    <header
      class="data-card__header"
      slot="header"
    >
      <h1
        class="data-card__header-title"
      >
        Block Details
      </h1>
       
      <button
        class="dusk-button dusk-button--type--button dusk-button--variant--tertiary dusk-button--size--normal"
        type="button"
      >
        <span
          class="dusk-button__text"
        >
          Back
        </span>
      </button>
      <!--&lt;Button&gt;-->
    </header>
     
    <dl
      class="block-details__list"
    >
      <dt
        class="details-list__term"
      >
        <svg
          class="dusk-icon dusk-icon--size--normal detail-list__help"
          data-tooltip-id="main-tooltip"
          data-tooltip-place="top"
          data-tooltip-text="The hash for the header of the block"
          data-tooltip-type="info"
          role="graphics-symbol"
          viewBox="0 0 24 24"
        >
          <path
            d="M11,9H13V7H11M12,20C7.59,20 4,16.41 4,12C4,7.59 7.59,4 12,4C16.41,4 20,7.59 20,12C20,16.41 16.41,20 12,20M12,2A10,10 0 0,0 2,12A10,10 0 0,0 12,22A10,10 0 0,0 22,12A10,10 0 0,0 12,2M11,17H13V11H11V17Z"
          />
        </svg>
        
        <!--&lt;Icon&gt;-->
         
        block hash
      </dt>
       
      <dd
        class="details-list__definition"
      >
        bd5c99bb720b03500e89f103fe66113ba62f2e124ed9651563f38fd15977719f
      </dd>
      <!--&lt;ListItem&gt;-->
      <dt
        class="details-list__term"
      >
        <svg
          class="dusk-icon dusk-icon--size--normal detail-list__help"
          data-tooltip-id="main-tooltip"
          data-tooltip-place="top"
          data-tooltip-text="The height of the block indicates the length of the block chain and is increased with each additional block"
          data-tooltip-type="info"
          role="graphics-symbol"
          viewBox="0 0 24 24"
        >
          <path
            d="M11,9H13V7H11M12,20C7.59,20 4,16.41 4,12C4,7.59 7.59,4 12,4C16.41,4 20,7.59 20,12C20,16.41 16.41,20 12,20M12,2A10,10 0 0,0 2,12A10,10 0 0,0 12,22A10,10 0 0,0 22,12A10,10 0 0,0 12,2M11,17H13V11H11V17Z"
          />
        </svg>
        
        <!--&lt;Icon&gt;-->
         
        height
      </dt>
       
      <dd
        class="details-list__definition"
      >
        <a
          aria-disabled="false"
          class="dusk-anchor dusk-anchor-button dusk-anchor-button--variant--primary dusk-anchor-button--size--normal dusk-icon-button block-details__list-anchor"
          href="/some-base-path/blocks/block?id=07b74b35c2c7cf8f41426cd0870bafa1a2c7adee3fdd876643548096186fc4cb"
        >
          <svg
            class="dusk-icon dusk-icon--size--normal dusk-anchor-button__icon"
            role="graphics-symbol"
            viewBox="0 0 24 24"
          >
            <path
              d="M20,11V13H8L13.5,18.5L12.08,19.92L4.16,12L12.08,4.08L13.5,5.5L8,11H20Z"
            />
          </svg>
          
          <!--&lt;Icon&gt;-->
           
          
          
        </a>
        <!--&lt;Anchor&gt;-->
        <!--&lt;AnchorButton&gt;-->
        <!--&lt;AppAnchorButton&gt;-->
         
        495,868
         
        <a
          aria-disabled="false"
          class="dusk-anchor dusk-anchor-button dusk-anchor-button--variant--primary dusk-anchor-button--size--normal dusk-icon-button block-details__list-anchor"
          href="/some-base-path/blocks/block?id=6011556208a85e6001bd01ccbf936486b91318a7f6cbcf7ab810adf6fae34204"
        >
          <svg
            class="dusk-icon dusk-icon--size--normal dusk-anchor-button__icon"
            role="graphics-symbol"
            viewBox="0 0 24 24"
          >
            <path
              d="M4,11V13H16L10.5,18.5L11.92,19.92L19.84,12L11.92,4.08L10.5,5.5L16,11H4Z"
            />
          </svg>
          
          <!--&lt;Icon&gt;-->
           
          
          
        </a>
        <!--&lt;Anchor&gt;-->
        <!--&lt;AnchorButton&gt;-->
        <!--&lt;AppAnchorButton&gt;-->
         
      </dd>
      <!--&lt;ListItem&gt;-->
      <dt
        class="details-list__term"
      >
        <svg
          class="dusk-icon dusk-icon--size--normal detail-list__help"
          data-tooltip-id="main-tooltip"
          data-tooltip-place="top"
          data-tooltip-text="The date and time the block was created"
          data-tooltip-type="info"
          role="graphics-symbol"
          viewBox="0 0 24 24"
        >
          <path
            d="M11,9H13V7H11M12,20C7.59,20 4,16.41 4,12C4,7.59 7.59,4 12,4C16.41,4 20,7.59 20,12C20,16.41 16.41,20 12,20M12,2A10,10 0 0,0 2,12A10,10 0 0,0 12,22A10,10 0 0,0 22,12A10,10 0 0,0 12,2M11,17H13V11H11V17Z"
          />
        </svg>
        
        <!--&lt;Icon&gt;-->
         
        timestamp
      </dt>
       
      <dd
        class="details-list__definition"
      >
        <time
          class="block-details__list-timestamp"
          datetime="2024-04-16T20:07:02.000Z"
          slot="definition"
        >
          Tue, 16 Apr 2024 20:07:02 GMT (last month)
           
        </time>
      </dd>
      <!--&lt;ListItem&gt;-->
      <dt
        class="details-list__term"
      >
        <svg
          class="dusk-icon dusk-icon--size--normal detail-list__help"
          data-tooltip-id="main-tooltip"
          data-tooltip-place="top"
          data-tooltip-text="The number of transactions included in the block"
          data-tooltip-type="info"
          role="graphics-symbol"
          viewBox="0 0 24 24"
        >
          <path
            d="M11,9H13V7H11M12,20C7.59,20 4,16.41 4,12C4,7.59 7.59,4 12,4C16.41,4 20,7.59 20,12C20,16.41 16.41,20 12,20M12,2A10,10 0 0,0 2,12A10,10 0 0,0 12,22A10,10 0 0,0 22,12A10,10 0 0,0 12,2M11,17H13V11H11V17Z"
          />
        </svg>
        
        <!--&lt;Icon&gt;-->
         
        transactions
      </dt>
       
      <dd
        class="details-list__definition"
      >
        2
      </dd>
      <!--&lt;ListItem&gt;-->
      <dt
        class="details-list__term"
      >
        <svg
          class="dusk-icon dusk-icon--size--normal detail-list__help"
          data-tooltip-id="main-tooltip"
          data-tooltip-place="top"
          data-tooltip-text="The total fees paid for the transactions in the block"
          data-tooltip-type="info"
          role="graphics-symbol"
          viewBox="0 0 24 24"
        >
          <path
            d="M11,9H13V7H11M12,20C7.59,20 4,16.41 4,12C4,7.59 7.59,4 12,4C16.41,4 20,7.59 20,12C20,16.41 16.41,20 12,20M12,2A10,10 0 0,0 2,12A10,10 0 0,0 12,22A10,10 0 0,0 22,12A10,10 0 0,0 12,2M11,17H13V11H11V17Z"
          />
        </svg>
        
        <!--&lt;Icon&gt;-->
         
        block fees paid
      </dt>
       
      <dd
        class="details-list__definition"
      >
        0.000580718
         DUSK
      </dd>
      <!--&lt;ListItem&gt;-->
      <dt
        class="details-list__term"
      >
        <svg
          class="dusk-icon dusk-icon--size--normal detail-list__help"
          data-tooltip-id="main-tooltip"
          data-tooltip-place="top"
          data-tooltip-text="The reward allocated to the block generator"
          data-tooltip-type="info"
          role="graphics-symbol"
          viewBox="0 0 24 24"
        >
          <path
            d="M11,9H13V7H11M12,20C7.59,20 4,16.41 4,12C4,7.59 7.59,4 12,4C16.41,4 20,7.59 20,12C20,16.41 16.41,20 12,20M12,2A10,10 0 0,0 2,12A10,10 0 0,0 12,22A10,10 0 0,0 22,12A10,10 0 0,0 12,2M11,17H13V11H11V17Z"
          />
        </svg>
        
        <!--&lt;Icon&gt;-->
         
        block reward
      </dt>
       
      <dd
        class="details-list__definition"
      >
        16
         DUSK
      </dd>
      <!--&lt;ListItem&gt;-->
      <dt
        class="details-list__term"
      >
        <svg
          class="dusk-icon dusk-icon--size--normal detail-list__help"
          data-tooltip-id="main-tooltip"
          data-tooltip-place="top"
          data-tooltip-text="The block gas limit"
          data-tooltip-type="info"
          role="graphics-symbol"
          viewBox="0 0 24 24"
        >
          <path
            d="M11,9H13V7H11M12,20C7.59,20 4,16.41 4,12C4,7.59 7.59,4 12,4C16.41,4 20,7.59 20,12C20,16.41 16.41,20 12,20M12,2A10,10 0 0,0 2,12A10,10 0 0,0 12,22A10,10 0 0,0 22,12A10,10 0 0,0 12,2M11,17H13V11H11V17Z"
          />
        </svg>
        
        <!--&lt;Icon&gt;-->
         
        block gas limit
      </dt>
       
      <dd
        class="details-list__definition"
      >
        5,000,000,000
      </dd>
      <!--&lt;ListItem&gt;-->
      <dt
        class="details-list__term"
      >
        <svg
          class="dusk-icon dusk-icon--size--normal detail-list__help"
          data-tooltip-id="main-tooltip"
          data-tooltip-place="top"
          data-tooltip-text="The amount of gas used generating the block"
          data-tooltip-type="info"
          role="graphics-symbol"
          viewBox="0 0 24 24"
        >
          <path
            d="M11,9H13V7H11M12,20C7.59,20 4,16.41 4,12C4,7.59 7.59,4 12,4C16.41,4 20,7.59 20,12C20,16.41 16.41,20 12,20M12,2A10,10 0 0,0 2,12A10,10 0 0,0 12,22A10,10 0 0,0 22,12A10,10 0 0,0 12,2M11,17H13V11H11V17Z"
          />
        </svg>
        
        <!--&lt;Icon&gt;-->
         
        gas used
      </dt>
       
      <dd
        class="details-list__definition"
      >
        580,718
         
        <div
          class="dusk-progress-bar block-details__gas-used"
          role="progressbar"
        >
          <div
            class="dusk-progress-bar__filler"
            style="width: 0.01161436%"
          />
        </div>
        <!--&lt;ProgressBar&gt;-->
         
      </dd>
      <!--&lt;ListItem&gt;-->
      <dt
        class="details-list__term"
      >
        <svg
          class="dusk-icon dusk-icon--size--normal detail-list__help"
          data-tooltip-id="main-tooltip"
          data-tooltip-place="top"
          data-tooltip-text="The average fee paid for the transactions within the block"
          data-tooltip-type="info"
          role="graphics-symbol"
          viewBox="0 0 24 24"
        >
          <path
            d="M11,9H13V7H11M12,20C7.59,20 4,16.41 4,12C4,7.59 7.59,4 12,4C16.41,4 20,7.59 20,12C20,16.41 16.41,20 12,20M12,2A10,10 0 0,0 2,12A10,10 0 0,0 12,22A10,10 0 0,0 22,12A10,10 0 0,0 12,2M11,17H13V11H11V17Z"
          />
        </svg>
        
        <!--&lt;Icon&gt;-->
         
        average fee paid
      </dt>
       
      <dd
        class="details-list__definition"
      >
        0.000000001
         DUSK
      </dd>
      <!--&lt;ListItem&gt;-->
      <dt
        class="details-list__term"
      >
        <svg
          class="dusk-icon dusk-icon--size--normal detail-list__help"
          data-tooltip-id="main-tooltip"
          data-tooltip-place="top"
          data-tooltip-text="The state root hash"
          data-tooltip-type="info"
          role="graphics-symbol"
          viewBox="0 0 24 24"
        >
          <path
            d="M11,9H13V7H11M12,20C7.59,20 4,16.41 4,12C4,7.59 7.59,4 12,4C16.41,4 20,7.59 20,12C20,16.41 16.41,20 12,20M12,2A10,10 0 0,0 2,12A10,10 0 0,0 12,22A10,10 0 0,0 22,12A10,10 0 0,0 12,2M11,17H13V11H11V17Z"
          />
        </svg>
        
        <!--&lt;Icon&gt;-->
         
        state root hash
      </dt>
       
      <dd
        class="details-list__definition"
      >
        <span
          class="block-details__state-hash"
          slot="definition"
        >
          20bb0a677b93f084afadfd34bec3ac3feee33a020b81d9549afa2268e8543acb
        </span>
      </dd>
      <!--&lt;ListItem&gt;-->
    </dl>
    
     
  </div>
  
  <!--&lt;Card&gt;-->
  <!--&lt;DataCard&gt;-->
  <!--&lt;BlockDetails&gt;-->
</div>
`;
