// Vitest Snapshot v1, https://vitest.dev/guide/snapshot.html

exports[`Transaction Details > renders the Transaction Details component 1`] = `
<div
  class="dusk-card data-card transaction-details"
>
  <header
    class="data-card__header"
    slot="header"
  >
    <h1
      class="data-card__header-title"
    >
      Transaction Details
    </h1>
     
  </header>
   
  <div
    class="data-card__content"
  >
    <dl
      class="transaction-details__list"
    >
      <dt
        class="details-list__term"
      >
        <svg
          class="dusk-icon dusk-icon--size--normal detail-list__help"
          data-tooltip-id="main-tooltip"
          data-tooltip-place="top"
          data-tooltip-text="The ID of the transaction"
          data-tooltip-type="info"
          role="graphics-symbol"
          viewBox="0 0 24 24"
        >
          <path
            d="M11,9H13V7H11M12,20C7.59,20 4,16.41 4,12C4,7.59 7.59,4 12,4C16.41,4 20,7.59 20,12C20,16.41 16.41,20 12,20M12,2A10,10 0 0,0 2,12A10,10 0 0,0 12,22A10,10 0 0,0 22,12A10,10 0 0,0 12,2M11,17H13V11H11V17Z"
          />
        </svg>
        
         
        ID
      </dt>
       
      <dd
        class="details-list__definition"
      >
        4877687c2dbf154248d3ddee9ba...39056f82a46819da041d4ac0e04
      </dd>
      <dt
        class="details-list__term"
      >
        <svg
          class="dusk-icon dusk-icon--size--normal detail-list__help"
          data-tooltip-id="main-tooltip"
          data-tooltip-place="top"
          data-tooltip-text="The block height this transaction belongs to"
          data-tooltip-type="info"
          role="graphics-symbol"
          viewBox="0 0 24 24"
        >
          <path
            d="M11,9H13V7H11M12,20C7.59,20 4,16.41 4,12C4,7.59 7.59,4 12,4C16.41,4 20,7.59 20,12C20,16.41 16.41,20 12,20M12,2A10,10 0 0,0 2,12A10,10 0 0,0 12,22A10,10 0 0,0 22,12A10,10 0 0,0 12,2M11,17H13V11H11V17Z"
          />
        </svg>
        
         
        block height
      </dt>
       
      <dd
        class="details-list__definition"
      >
        <a
          class="dusk-anchor dusk-anchor--on-surface transaction-details__list-anchor"
          href="/some-base-path/blocks/block?id=3c6e4018cfa86723e50644e33d3990bc27fc794f6b49fbf6290e4d308e07bd2d"
        >
          487,166
        </a>
      </dd>
      <dt
        class="details-list__term"
      >
        <svg
          class="dusk-icon dusk-icon--size--normal detail-list__help"
          data-tooltip-id="main-tooltip"
          data-tooltip-place="top"
          data-tooltip-text="The transaction status"
          data-tooltip-type="info"
          role="graphics-symbol"
          viewBox="0 0 24 24"
        >
          <path
            d="M11,9H13V7H11M12,20C7.59,20 4,16.41 4,12C4,7.59 7.59,4 12,4C16.41,4 20,7.59 20,12C20,16.41 16.41,20 12,20M12,2A10,10 0 0,0 2,12A10,10 0 0,0 12,22A10,10 0 0,0 22,12A10,10 0 0,0 12,2M11,17H13V11H11V17Z"
          />
        </svg>
        
         
        Status
      </dt>
       
      <dd
        class="details-list__definition"
      >
        <span
          class="dusk-badge dusk-badge--variant-success transaction-status transaction-details__status explorer-badge"
        >
          success
        </span>
      </dd>
      <dt
        class="details-list__term"
      >
        <svg
          class="dusk-icon dusk-icon--size--normal detail-list__help"
          data-tooltip-id="main-tooltip"
          data-tooltip-place="top"
          data-tooltip-text="The date and time the transaction was created"
          data-tooltip-type="info"
          role="graphics-symbol"
          viewBox="0 0 24 24"
        >
          <path
            d="M11,9H13V7H11M12,20C7.59,20 4,16.41 4,12C4,7.59 7.59,4 12,4C16.41,4 20,7.59 20,12C20,16.41 16.41,20 12,20M12,2A10,10 0 0,0 2,12A10,10 0 0,0 12,22A10,10 0 0,0 22,12A10,10 0 0,0 12,2M11,17H13V11H11V17Z"
          />
        </svg>
        
         
        timestamp
      </dt>
       
      <dd
        class="details-list__definition"
      >
        <time
          class="dusk-relative-time transaction-details__list-timestamp"
          datetime="2024-04-16T06:39:09.000Z"
          slot="definition"
        >
          Tue, 16 Apr 2024 06:39:09 GMT (last month)
          
        </time>
      </dd>
      <dt
        class="details-list__term"
      >
        <svg
          class="dusk-icon dusk-icon--size--normal detail-list__help"
          data-tooltip-id="main-tooltip"
          data-tooltip-place="top"
          data-tooltip-text="The transaction type"
          data-tooltip-type="info"
          role="graphics-symbol"
          viewBox="0 0 24 24"
        >
          <path
            d="M11,9H13V7H11M12,20C7.59,20 4,16.41 4,12C4,7.59 7.59,4 12,4C16.41,4 20,7.59 20,12C20,16.41 16.41,20 12,20M12,2A10,10 0 0,0 2,12A10,10 0 0,0 12,22A10,10 0 0,0 22,12A10,10 0 0,0 12,2M11,17H13V11H11V17Z"
          />
        </svg>
        
         
        type
      </dt>
       
      <dd
        class="details-list__definition"
      >
        <span
          class="dusk-badge dusk-badge--variant-neutral transaction-details__type explorer-badge"
        >
          transfer
        </span>
      </dd>
      <dt
        class="details-list__term"
      >
        <svg
          class="dusk-icon dusk-icon--size--normal detail-list__help"
          data-tooltip-id="main-tooltip"
          data-tooltip-place="top"
          data-tooltip-text="The fee paid for the transaction"
          data-tooltip-type="info"
          role="graphics-symbol"
          viewBox="0 0 24 24"
        >
          <path
            d="M11,9H13V7H11M12,20C7.59,20 4,16.41 4,12C4,7.59 7.59,4 12,4C16.41,4 20,7.59 20,12C20,16.41 16.41,20 12,20M12,2A10,10 0 0,0 2,12A10,10 0 0,0 12,22A10,10 0 0,0 22,12A10,10 0 0,0 12,2M11,17H13V11H11V17Z"
          />
        </svg>
        
         
        transaction fee
      </dt>
       
      <dd
        class="details-list__definition"
      >
        0.000290766 DUSK ($0.0001071037)
        
         
        
         
      </dd>
      <dt
        class="details-list__term"
      >
        <svg
          class="dusk-icon dusk-icon--size--normal detail-list__help"
          data-tooltip-id="main-tooltip"
          data-tooltip-place="top"
          data-tooltip-text="The transaction gas price"
          data-tooltip-type="info"
          role="graphics-symbol"
          viewBox="0 0 24 24"
        >
          <path
            d="M11,9H13V7H11M12,20C7.59,20 4,16.41 4,12C4,7.59 7.59,4 12,4C16.41,4 20,7.59 20,12C20,16.41 16.41,20 12,20M12,2A10,10 0 0,0 2,12A10,10 0 0,0 12,22A10,10 0 0,0 22,12A10,10 0 0,0 12,2M11,17H13V11H11V17Z"
          />
        </svg>
        
         
        gas price
      </dt>
       
      <dd
        class="details-list__definition"
      >
        0.000000001 DUSK ($0.0000000004)
        
         
        
         
      </dd>
      <dt
        class="details-list__term"
      >
        <svg
          class="dusk-icon dusk-icon--size--normal detail-list__help"
          data-tooltip-id="main-tooltip"
          data-tooltip-place="top"
          data-tooltip-text="The transaction gas limit"
          data-tooltip-type="info"
          role="graphics-symbol"
          viewBox="0 0 24 24"
        >
          <path
            d="M11,9H13V7H11M12,20C7.59,20 4,16.41 4,12C4,7.59 7.59,4 12,4C16.41,4 20,7.59 20,12C20,16.41 16.41,20 12,20M12,2A10,10 0 0,0 2,12A10,10 0 0,0 12,22A10,10 0 0,0 22,12A10,10 0 0,0 12,2M11,17H13V11H11V17Z"
          />
        </svg>
        
         
        transaction gas limit
      </dt>
       
      <dd
        class="details-list__definition"
      >
        500000000
      </dd>
      <dt
        class="details-list__term"
      >
        <svg
          class="dusk-icon dusk-icon--size--normal detail-list__help"
          data-tooltip-id="main-tooltip"
          data-tooltip-place="top"
          data-tooltip-text="The amount of gas spent generating the transaction"
          data-tooltip-type="info"
          role="graphics-symbol"
          viewBox="0 0 24 24"
        >
          <path
            d="M11,9H13V7H11M12,20C7.59,20 4,16.41 4,12C4,7.59 7.59,4 12,4C16.41,4 20,7.59 20,12C20,16.41 16.41,20 12,20M12,2A10,10 0 0,0 2,12A10,10 0 0,0 12,22A10,10 0 0,0 22,12A10,10 0 0,0 12,2M11,17H13V11H11V17Z"
          />
        </svg>
        
         
        gas spent
      </dt>
       
      <dd
        class="details-list__definition"
      >
        290766
      </dd>
      <dt
        class="details-list__term"
      >
        <svg
          class="dusk-icon dusk-icon--size--normal detail-list__help"
          data-tooltip-id="main-tooltip"
          data-tooltip-place="top"
          data-tooltip-text="Transaction reference and additional notes"
          data-tooltip-type="info"
          role="graphics-symbol"
          viewBox="0 0 24 24"
        >
          <path
            d="M11,9H13V7H11M12,20C7.59,20 4,16.41 4,12C4,7.59 7.59,4 12,4C16.41,4 20,7.59 20,12C20,16.41 16.41,20 12,20M12,2A10,10 0 0,0 2,12A10,10 0 0,0 12,22A10,10 0 0,0 22,12A10,10 0 0,0 12,2M11,17H13V11H11V17Z"
          />
        </svg>
        
         
        memo
      </dt>
       
      <dd
        class="details-list__definition"
      >
        some notes about the transaction
        
      </dd>
      <dt
        class="details-list__term"
      >
        <svg
          class="dusk-icon dusk-icon--size--normal detail-list__help"
          data-tooltip-id="main-tooltip"
          data-tooltip-place="top"
          data-tooltip-text="The payload"
          data-tooltip-type="info"
          role="graphics-symbol"
          viewBox="0 0 24 24"
        >
          <path
            d="M11,9H13V7H11M12,20C7.59,20 4,16.41 4,12C4,7.59 7.59,4 12,4C16.41,4 20,7.59 20,12C20,16.41 16.41,20 12,20M12,2A10,10 0 0,0 2,12A10,10 0 0,0 12,22A10,10 0 0,0 22,12A10,10 0 0,0 12,2M11,17H13V11H11V17Z"
          />
        </svg>
        
         
        payload

        
        <div
          aria-checked="false"
          aria-disabled="false"
          class="dusk-switch transaction-details__payload-switch dusk-switch--on-surface"
          role="switch"
          tabindex="0"
        />
      </dt>
       
      <dd
        class="details-list__definition"
      >
        
      </dd>
    </dl>
  </div>
  
   
</div>
`;

exports[`Transaction Details > renders the Transaction Details component with the payload visible 1`] = `
<div
  class="dusk-card data-card transaction-details"
>
  <header
    class="data-card__header"
    slot="header"
  >
    <h1
      class="data-card__header-title"
    >
      Transaction Details
    </h1>
     
  </header>
   
  <div
    class="data-card__content"
  >
    <dl
      class="transaction-details__list"
    >
      <dt
        class="details-list__term"
      >
        <svg
          class="dusk-icon dusk-icon--size--normal detail-list__help"
          data-tooltip-id="main-tooltip"
          data-tooltip-place="top"
          data-tooltip-text="The ID of the transaction"
          data-tooltip-type="info"
          role="graphics-symbol"
          viewBox="0 0 24 24"
        >
          <path
            d="M11,9H13V7H11M12,20C7.59,20 4,16.41 4,12C4,7.59 7.59,4 12,4C16.41,4 20,7.59 20,12C20,16.41 16.41,20 12,20M12,2A10,10 0 0,0 2,12A10,10 0 0,0 12,22A10,10 0 0,0 22,12A10,10 0 0,0 12,2M11,17H13V11H11V17Z"
          />
        </svg>
        
         
        ID
      </dt>
       
      <dd
        class="details-list__definition"
      >
        4877687c2dbf154248d3ddee9ba...39056f82a46819da041d4ac0e04
      </dd>
      <dt
        class="details-list__term"
      >
        <svg
          class="dusk-icon dusk-icon--size--normal detail-list__help"
          data-tooltip-id="main-tooltip"
          data-tooltip-place="top"
          data-tooltip-text="The block height this transaction belongs to"
          data-tooltip-type="info"
          role="graphics-symbol"
          viewBox="0 0 24 24"
        >
          <path
            d="M11,9H13V7H11M12,20C7.59,20 4,16.41 4,12C4,7.59 7.59,4 12,4C16.41,4 20,7.59 20,12C20,16.41 16.41,20 12,20M12,2A10,10 0 0,0 2,12A10,10 0 0,0 12,22A10,10 0 0,0 22,12A10,10 0 0,0 12,2M11,17H13V11H11V17Z"
          />
        </svg>
        
         
        block height
      </dt>
       
      <dd
        class="details-list__definition"
      >
        <a
          class="dusk-anchor dusk-anchor--on-surface transaction-details__list-anchor"
          href="/some-base-path/blocks/block?id=3c6e4018cfa86723e50644e33d3990bc27fc794f6b49fbf6290e4d308e07bd2d"
        >
          487,166
        </a>
      </dd>
      <dt
        class="details-list__term"
      >
        <svg
          class="dusk-icon dusk-icon--size--normal detail-list__help"
          data-tooltip-id="main-tooltip"
          data-tooltip-place="top"
          data-tooltip-text="The transaction status"
          data-tooltip-type="info"
          role="graphics-symbol"
          viewBox="0 0 24 24"
        >
          <path
            d="M11,9H13V7H11M12,20C7.59,20 4,16.41 4,12C4,7.59 7.59,4 12,4C16.41,4 20,7.59 20,12C20,16.41 16.41,20 12,20M12,2A10,10 0 0,0 2,12A10,10 0 0,0 12,22A10,10 0 0,0 22,12A10,10 0 0,0 12,2M11,17H13V11H11V17Z"
          />
        </svg>
        
         
        Status
      </dt>
       
      <dd
        class="details-list__definition"
      >
        <span
          class="dusk-badge dusk-badge--variant-success transaction-status transaction-details__status explorer-badge"
        >
          success
        </span>
      </dd>
      <dt
        class="details-list__term"
      >
        <svg
          class="dusk-icon dusk-icon--size--normal detail-list__help"
          data-tooltip-id="main-tooltip"
          data-tooltip-place="top"
          data-tooltip-text="The date and time the transaction was created"
          data-tooltip-type="info"
          role="graphics-symbol"
          viewBox="0 0 24 24"
        >
          <path
            d="M11,9H13V7H11M12,20C7.59,20 4,16.41 4,12C4,7.59 7.59,4 12,4C16.41,4 20,7.59 20,12C20,16.41 16.41,20 12,20M12,2A10,10 0 0,0 2,12A10,10 0 0,0 12,22A10,10 0 0,0 22,12A10,10 0 0,0 12,2M11,17H13V11H11V17Z"
          />
        </svg>
        
         
        timestamp
      </dt>
       
      <dd
        class="details-list__definition"
      >
        <time
          class="dusk-relative-time transaction-details__list-timestamp"
          datetime="2024-04-16T06:39:09.000Z"
          slot="definition"
        >
          Tue, 16 Apr 2024 06:39:09 GMT (last month)
          
        </time>
      </dd>
      <dt
        class="details-list__term"
      >
        <svg
          class="dusk-icon dusk-icon--size--normal detail-list__help"
          data-tooltip-id="main-tooltip"
          data-tooltip-place="top"
          data-tooltip-text="The transaction type"
          data-tooltip-type="info"
          role="graphics-symbol"
          viewBox="0 0 24 24"
        >
          <path
            d="M11,9H13V7H11M12,20C7.59,20 4,16.41 4,12C4,7.59 7.59,4 12,4C16.41,4 20,7.59 20,12C20,16.41 16.41,20 12,20M12,2A10,10 0 0,0 2,12A10,10 0 0,0 12,22A10,10 0 0,0 22,12A10,10 0 0,0 12,2M11,17H13V11H11V17Z"
          />
        </svg>
        
         
        type
      </dt>
       
      <dd
        class="details-list__definition"
      >
        <span
          class="dusk-badge dusk-badge--variant-neutral transaction-details__type explorer-badge"
        >
          transfer
        </span>
      </dd>
      <dt
        class="details-list__term"
      >
        <svg
          class="dusk-icon dusk-icon--size--normal detail-list__help"
          data-tooltip-id="main-tooltip"
          data-tooltip-place="top"
          data-tooltip-text="The fee paid for the transaction"
          data-tooltip-type="info"
          role="graphics-symbol"
          viewBox="0 0 24 24"
        >
          <path
            d="M11,9H13V7H11M12,20C7.59,20 4,16.41 4,12C4,7.59 7.59,4 12,4C16.41,4 20,7.59 20,12C20,16.41 16.41,20 12,20M12,2A10,10 0 0,0 2,12A10,10 0 0,0 12,22A10,10 0 0,0 22,12A10,10 0 0,0 12,2M11,17H13V11H11V17Z"
          />
        </svg>
        
         
        transaction fee
      </dt>
       
      <dd
        class="details-list__definition"
      >
        0.000290766 DUSK ($0.0001071037)
        
         
        
         
      </dd>
      <dt
        class="details-list__term"
      >
        <svg
          class="dusk-icon dusk-icon--size--normal detail-list__help"
          data-tooltip-id="main-tooltip"
          data-tooltip-place="top"
          data-tooltip-text="The transaction gas price"
          data-tooltip-type="info"
          role="graphics-symbol"
          viewBox="0 0 24 24"
        >
          <path
            d="M11,9H13V7H11M12,20C7.59,20 4,16.41 4,12C4,7.59 7.59,4 12,4C16.41,4 20,7.59 20,12C20,16.41 16.41,20 12,20M12,2A10,10 0 0,0 2,12A10,10 0 0,0 12,22A10,10 0 0,0 22,12A10,10 0 0,0 12,2M11,17H13V11H11V17Z"
          />
        </svg>
        
         
        gas price
      </dt>
       
      <dd
        class="details-list__definition"
      >
        0.000000001 DUSK ($0.0000000004)
        
         
        
         
      </dd>
      <dt
        class="details-list__term"
      >
        <svg
          class="dusk-icon dusk-icon--size--normal detail-list__help"
          data-tooltip-id="main-tooltip"
          data-tooltip-place="top"
          data-tooltip-text="The transaction gas limit"
          data-tooltip-type="info"
          role="graphics-symbol"
          viewBox="0 0 24 24"
        >
          <path
            d="M11,9H13V7H11M12,20C7.59,20 4,16.41 4,12C4,7.59 7.59,4 12,4C16.41,4 20,7.59 20,12C20,16.41 16.41,20 12,20M12,2A10,10 0 0,0 2,12A10,10 0 0,0 12,22A10,10 0 0,0 22,12A10,10 0 0,0 12,2M11,17H13V11H11V17Z"
          />
        </svg>
        
         
        transaction gas limit
      </dt>
       
      <dd
        class="details-list__definition"
      >
        500000000
      </dd>
      <dt
        class="details-list__term"
      >
        <svg
          class="dusk-icon dusk-icon--size--normal detail-list__help"
          data-tooltip-id="main-tooltip"
          data-tooltip-place="top"
          data-tooltip-text="The amount of gas spent generating the transaction"
          data-tooltip-type="info"
          role="graphics-symbol"
          viewBox="0 0 24 24"
        >
          <path
            d="M11,9H13V7H11M12,20C7.59,20 4,16.41 4,12C4,7.59 7.59,4 12,4C16.41,4 20,7.59 20,12C20,16.41 16.41,20 12,20M12,2A10,10 0 0,0 2,12A10,10 0 0,0 12,22A10,10 0 0,0 22,12A10,10 0 0,0 12,2M11,17H13V11H11V17Z"
          />
        </svg>
        
         
        gas spent
      </dt>
       
      <dd
        class="details-list__definition"
      >
        290766
      </dd>
      <dt
        class="details-list__term"
      >
        <svg
          class="dusk-icon dusk-icon--size--normal detail-list__help"
          data-tooltip-id="main-tooltip"
          data-tooltip-place="top"
          data-tooltip-text="Transaction reference and additional notes"
          data-tooltip-type="info"
          role="graphics-symbol"
          viewBox="0 0 24 24"
        >
          <path
            d="M11,9H13V7H11M12,20C7.59,20 4,16.41 4,12C4,7.59 7.59,4 12,4C16.41,4 20,7.59 20,12C20,16.41 16.41,20 12,20M12,2A10,10 0 0,0 2,12A10,10 0 0,0 12,22A10,10 0 0,0 22,12A10,10 0 0,0 12,2M11,17H13V11H11V17Z"
          />
        </svg>
        
         
        memo
      </dt>
       
      <dd
        class="details-list__definition"
      >
        some notes about the transaction
        
      </dd>
      <dt
        class="details-list__term"
      >
        <svg
          class="dusk-icon dusk-icon--size--normal detail-list__help"
          data-tooltip-id="main-tooltip"
          data-tooltip-place="top"
          data-tooltip-text="The payload"
          data-tooltip-type="info"
          role="graphics-symbol"
          viewBox="0 0 24 24"
        >
          <path
            d="M11,9H13V7H11M12,20C7.59,20 4,16.41 4,12C4,7.59 7.59,4 12,4C16.41,4 20,7.59 20,12C20,16.41 16.41,20 12,20M12,2A10,10 0 0,0 2,12A10,10 0 0,0 12,22A10,10 0 0,0 22,12A10,10 0 0,0 12,2M11,17H13V11H11V17Z"
          />
        </svg>
        
         
        payload

        
        <div
          aria-checked="true"
          aria-disabled="false"
          class="dusk-switch transaction-details__payload-switch dusk-switch--on-surface"
          role="switch"
          tabindex="0"
        />
      </dt>
       
      <dd
        class="details-list__definition"
      >
        <div
          class="dusk-card transaction-details__payload dusk-card--on-surface"
        >
           
          db0794770322802a22905c4364511f3186e6184085f875dbb9f11a3ae914766c020000000000000014bc23b875c67d0dbecfdd45f5964f3fea7188aff2035730c8802
          
           
        </div>
        
        
      </dd>
    </dl>
  </div>
  
   
</div>
`;
