// Vitest Snapshot v1, https://vitest.dev/guide/snapshot.html

exports[`Card > renders the Card component 1`] = `
<div
  class="dusk-card dusk-card--gap-default"
>
   
  <div
    class="dusk-card__body-container"
  />
   
</div>
`;
