// Vitest Snapshot v1, https://vitest.dev/guide/snapshot.html

exports[`QrCode > should render the QrCode component 1`] = ``;
