// Vitest Snapshot v1, https://vitest.dev/guide/snapshot.html

exports[`Send > should render the send page 1`] = `
<div
  class="dusk-card dusk-card--gap-medium"
  reverse="true"
>
  <div
    class="dusk-card__header-container"
  >
    <header
      class="dusk-card__header"
      slot="header"
    >
      <div
        class="dusk-card__heading-container"
      >
        <h3
          class="h4"
        >
          Send
        </h3>
         
        <div
          class="dusk-card__heading-icons"
        >
          
          <svg
            class="dusk-icon dusk-icon--size--default"
            role="graphics-symbol"
            viewBox="0 0 24 24"
          >
            <path
              d="M5,17.59L15.59,7H9V5H19V15H17V8.41L6.41,19L5,17.59Z"
            />
          </svg>
          
        </div>
      </div>
    </header>
  </div>
   
  <div
    class="dusk-card__body-container"
  >
    <div
      class="operation svelte-1tivzwh"
    >
      <div
        class="dusk-wizard"
      >
         
         
        <div
          class="operation__send svelte-1tivzwh"
        >
          <dl
            class="contract-statuses svelte-19157rx"
          >
            <dt
              class="contract-statuses__label svelte-19157rx"
            >
              Spendable
               
            </dt>
            <dd
              class="contract-statuses__value svelte-19157rx"
            >
              <span>
                0.000000000
              </span>
               
              <svg
                class="dusk-icon dusk-icon--size--default contract-statuses__icon"
                data-tooltip-id="main-tooltip"
                data-tooltip-text="DUSK"
                role="graphics-symbol"
                viewBox="0 0 24 24"
              >
                <path
                  d="M12.335 0.005a12.186 12.186 0 0 0 -2.58 0.204C4.2 1.259 0 6.14 0 11.999 0 17.859 4.203 22.74 9.759 23.79c0.726 0.138 1.476 0.21 2.241 0.21 6.789 0 12.261 -5.64 11.991 -12.49C23.741 5.249 18.599 0.173 12.335 0.005Zm0.207 21.58c-0.204 0.012 -0.336 -0.222 -0.21 -0.384 1.974 -2.541 3.153 -5.733 3.153 -9.202 0 -3.468 -1.176 -6.663 -3.153 -9.202 -0.126 -0.162 0.003 -0.396 0.207 -0.384 5.052 0.282 9.06 4.465 9.06 9.586 0 5.121 -4.005 9.304 -9.057 9.586Z"
                />
              </svg>
              
               
            </dd>
          </dl>
           
          <div
            class="operation__send-amount operation__space-between svelte-1tivzwh"
          >
            <p>
              Enter amount:
            </p>
             
            <button
              class="dusk-button dusk-button--type--button dusk-button--variant--tertiary dusk-button--size--small"
              type="button"
            >
              <span
                class="dusk-button__text"
              >
                USE MAX
              </span>
            </button>
          </div>
           
          <div
            class="operation__send-amount operation__input svelte-1tivzwh"
          >
            <input
              class="dusk-textbox dusk-textbox-number operation__input-field"
              max="-0.02"
              min="1e-9"
              required=""
              step="0.000000001"
              type="number"
            />
            
             
            <svg
              class="dusk-icon dusk-icon--size--default"
              data-tooltip-id="main-tooltip"
              data-tooltip-text="DUSK"
              role="graphics-symbol"
              viewBox="0 0 24 24"
            >
              <path
                d="M12.335 0.005a12.186 12.186 0 0 0 -2.58 0.204C4.2 1.259 0 6.14 0 11.999 0 17.859 4.203 22.74 9.759 23.79c0.726 0.138 1.476 0.21 2.241 0.21 6.789 0 12.261 -5.64 11.991 -12.49C23.741 5.249 18.599 0.173 12.335 0.005Zm0.207 21.58c-0.204 0.012 -0.336 -0.222 -0.21 -0.384 1.974 -2.541 3.153 -5.733 3.153 -9.202 0 -3.468 -1.176 -6.663 -3.153 -9.202 -0.126 -0.162 0.003 -0.396 0.207 -0.384 5.052 0.282 9.06 4.465 9.06 9.586 0 5.121 -4.005 9.304 -9.057 9.586Z"
              />
            </svg>
            
          </div>
           
          <div
            class="gas-settings svelte-1daay07"
          >
            <dl
              class="gas-settings__edit svelte-1daay07"
            >
              <div
                class="gas-fee svelte-1c6b481"
              >
                <span>
                  Fee:
                </span>
                 
                <div
                  class="gas-fee__amount svelte-1c6b481"
                >
                  <div
                    class="gas-fee__amount-value svelte-1c6b481"
                  >
                    <span
                      class="svelte-1c6b481"
                    >
                      max
                    </span>
                     
                    <span
                      class="svelte-1c6b481"
                    >
                      0.020000000
                    </span>
                  </div>
                   
                  <svg
                    class="dusk-icon dusk-icon--size--default dusk-amount__icon"
                    data-tooltip-id="main-tooltip"
                    data-tooltip-text="DUSK"
                    role="graphics-symbol"
                    viewBox="0 0 24 24"
                  >
                    <path
                      d="M12.335 0.005a12.186 12.186 0 0 0 -2.58 0.204C4.2 1.259 0 6.14 0 11.999 0 17.859 4.203 22.74 9.759 23.79c0.726 0.138 1.476 0.21 2.241 0.21 6.789 0 12.261 -5.64 11.991 -12.49C23.741 5.249 18.599 0.173 12.335 0.005Zm0.207 21.58c-0.204 0.012 -0.336 -0.222 -0.21 -0.384 1.974 -2.541 3.153 -5.733 3.153 -9.202 0 -3.468 -1.176 -6.663 -3.153 -9.202 -0.126 -0.162 0.003 -0.396 0.207 -0.384 5.052 0.282 9.06 4.465 9.06 9.586 0 5.121 -4.005 9.304 -9.057 9.586Z"
                    />
                  </svg>
                  
                </div>
              </div>
              <dd>
                <button
                  class="dusk-button dusk-button--type--button dusk-button--variant--tertiary dusk-button--size--small"
                  type="button"
                >
                  <span
                    class="dusk-button__text"
                  >
                    EDIT
                  </span>
                </button>
              </dd>
            </dl>
             
          </div>
        </div>
         
        <div
          class="dusk-wizard__step-navigation"
        >
          <a
            aria-disabled="false"
            class="dusk-anchor dusk-anchor--on-surface dusk-anchor-button dusk-anchor-button--variant--tertiary dusk-anchor-button--size--default dusk-icon-button--labeled"
            href="/some-base-path/dashboard"
          >
            <svg
              class="dusk-icon dusk-icon--size--default dusk-anchor-button__icon"
              role="graphics-symbol"
              viewBox="0 0 24 24"
            >
              <path
                d="M20,11V13H8L13.5,18.5L12.08,19.92L4.16,12L12.08,4.08L13.5,5.5L8,11H20Z"
              />
            </svg>
            
             
            <span
              class="dusk-anchor-button__text"
            >
              Back
            </span>
            
            
          </a>
          
           
          <button
            class="dusk-button dusk-button--type--button dusk-button--variant--tertiary dusk-button--size--default dusk-icon-button--labeled"
            disabled=""
            type="button"
          >
            <span
              class="dusk-button__text"
            >
              Next
            </span>
             
            <svg
              class="dusk-icon dusk-icon--size--default dusk-button__icon"
              role="graphics-symbol"
              viewBox="0 0 24 24"
            >
              <path
                d="M4,11V13H16L10.5,18.5L11.92,19.92L19.84,12L11.92,4.08L10.5,5.5L16,11H4Z"
              />
            </svg>
            
          </button>
        </div>
        
        
         
        
         
        
         
        
      </div>
    </div>
  </div>
   
</div>
`;
