// Vitest Snapshot v1, https://vitest.dev/guide/snapshot.html

exports[`Card > renders the Card component 1`] = `
<div>
  <div
    class="dusk-card"
  >
     
     
  </div>
  
</div>
`;
